// Jest Snapshot v1, https://goo.gl/fbAQLP

exports[`matches snapshot 1`] = `
<div
  className="MuiPaper-root MuiPaper-elevation1 MuiCard-root MuiPaper-rounded"
>
  <h1>
    <span>
      Name:
    </span>
     
    john
  </h1>
  <p>
    <span>
      Country:
    </span>
     
    MEX
  </p>
</div>
`;
